
> backend@1.0.0 test
> set NODE_NO_WARNINGS=1 && mocha tests/**/*.test.js --timeout 60000 --exit

node.exe : 
At line:1 char:1
+ & "C:\Program Files\nodejs/node.exe" 
"C:\Program Files\nodejs/node_mo ...
+ ~~~~~~~~~~~~~~~~~~~~~~~~~~~~~~~~~~~~~~~~~
~~~~~~~~~~~~~~~~~~~~~~~~~~~~
    + CategoryInfo          : NotSpecified 
   : (:String) [], RemoteException
    + FullyQualifiedErrorId : NativeComman 
   dError
 
 Exception during run: TypeError: argument 
handler must be a function
    at Route.<computed> [as get] 
(D:\Wipro\Capstone Project\PizzaStore\backe
nd\node_modules\router\lib\route.js:228:15)
    at Router.<computed> [as get] 
(D:\Wipro\Capstone Project\PizzaStore\backe
nd\node_modules\router\index.js:448:19)
    at Object.<anonymous> 
(D:\Wipro\Capstone Project\PizzaStore\backe
nd\routes\userRoutes.js:11:8)
    at Module._compile 
(node:internal/modules/cjs/loader:1811:14)
    at Object..js 
(node:internal/modules/cjs/loader:1942:10)
    at Module.load 
(node:internal/modules/cjs/loader:1532:32)
    at Module._load 
(node:internal/modules/cjs/loader:1334:12)
    at wrapModuleLoad 
(node:internal/modules/cjs/loader:255:19)
    at Module.require 
(node:internal/modules/cjs/loader:1555:12)
    at require 
(node:internal/modules/helpers:152:16)
    at Object.<anonymous> 
(D:\Wipro\Capstone Project\PizzaStore\backe
nd\tests\testApp.js:18:23)
    at Module._compile 
(node:internal/modules/cjs/loader:1811:14)
    at Object..js 
(node:internal/modules/cjs/loader:1942:10)
    at Module.load 
(node:internal/modules/cjs/loader:1532:32)
    at Module._load 
(node:internal/modules/cjs/loader:1334:12)
    at wrapModuleLoad 
(node:internal/modules/cjs/loader:255:19)
    at Module.require 
(node:internal/modules/cjs/loader:1555:12)
    at require 
(node:internal/modules/helpers:152:16)
    at Object.<anonymous> 
(D:\Wipro\Capstone Project\PizzaStore\backe
nd\tests\auth.test.js:3:13)
    at Module._compile 
(node:internal/modules/cjs/loader:1811:14)
    at Object..js 
(node:internal/modules/cjs/loader:1942:10)
    at Module.load 
(node:internal/modules/cjs/loader:1532:32)
    at Module._load 
(node:internal/modules/cjs/loader:1334:12)
    at wrapModuleLoad 
(node:internal/modules/cjs/loader:255:19)
    at loadCJSModuleWithModuleLoad (node:in
ternal/modules/esm/translators:327:3)
    at ModuleWrap.<anonymous> (node:interna
l/modules/esm/translators:232:7)
    at ModuleJob.run (node:internal/modules
/esm/module_job:430:25)
    at async 
onImport.tracePromise.__proto__ 
(node:internal/modules/esm/loader:655:26)
    at async formattedImport 
(D:\Wipro\Capstone Project\PizzaStore\backe
nd\node_modules\mocha\lib\nodejs\esm-utils.
js:10:14)
    at async Object.requireModule [as 
requireOrImport] (D:\Wipro\Capstone Project
\PizzaStore\backend\node_modules\mocha\lib\
nodejs\esm-utils.js:102:30)
    at async exports.loadFilesAsync 
(D:\Wipro\Capstone Project\PizzaStore\backe
nd\node_modules\mocha\lib\nodejs\esm-utils.
js:152:20)
    at async singleRun (D:\Wipro\Capstone P
roject\PizzaStore\backend\node_modules\moch
a\lib\cli\run-helpers.js:168:3)
    at async exports.handler 
(D:\Wipro\Capstone Project\PizzaStore\backe
nd\node_modules\mocha\lib\cli\run.js:379:5)
